Starting SNAFU.

Python exec:  /home/chalabaj/prog/Anaconda3-5.1.0-Linux-x86_64 ver: 3.6.5
System platform:  linux
Working directory:  /scratch/chalabaj/SNAFU-127054
_______________________________________________
No initial velocities, continue with zero initial velocities.
Simulation will start with parameters: 
natoms: 3
nstates: 1
init_state: 1
timestep: 4
maxsteps: 100
method: adiabatic
abinitio: test
restart: 0
_______________________________________________
atomic masses:
 [21894.7137735, 21894.7137735, 21894.7137735]
Molecular systems:
At  Mass     X     Y     Z:
 C 12.01  0.0000 0.0000 0.0000
 C 12.01  3.7795 0.0000 0.0000
 C 12.01  0.0000 3.7795 0.0000
_______________________________________________
Return code: 6
Error: b'grep: out: No such file or directory\n'
---------------------------------
Program was terminated due to an error! Exiting
4 - Ab initio code failed.
