All modules loaded succesfully. Starting...
 

1
2
3
Pot_eners_array: [[-197.21589 -197.05482 -197.03878 -197.03035 -196.94329 -196.93432
  -196.93102 -196.92565]
 [-197.21301 -197.06071 -197.03876 -197.03393 -196.95387 -196.93942
  -196.93031 -196.92593]
 [-197.20711 -197.0636  -197.03472 -197.03186 -196.97018 -196.93809
  -196.92991 -196.92352]]
Z[t-dt]: 0.1611  Z[t]: 0.1523  Z[t+dt]: 0.1435
Z[t-dt]: 0.0160  Z[t]: 0.0219  Z[t+dt]: 0.0289
Z[t-dt]: 0.0245  Z[t]: 0.0268  Z[t+dt]: 0.0317
Z[t-dt]: 0.1115  Z[t]: 0.1068  Z[t+dt]: 0.0934
Z[t-dt]: 0.1205  Z[t]: 0.1213  Z[t+dt]: 0.1255
Z[t-dt]: 0.1238  Z[t]: 0.1304  Z[t+dt]: 0.1337
Z[t-dt]: 0.1292  Z[t]: 0.1348  Z[t+dt]: 0.1401
Max probability: 0.0
4
Pot_eners_array: [[-197.21301 -197.06071 -197.03876 -197.03393 -196.95387 -196.93942
  -196.93031 -196.92593]
 [-197.20711 -197.0636  -197.03472 -197.03186 -196.97018 -196.93809
  -196.92991 -196.92352]
 [-197.19932 -197.06523 -197.02869 -197.02676 -196.98598 -196.93572
  -196.92767 -196.92202]]
Z[t-dt]: 0.1523  Z[t]: 0.1435  Z[t+dt]: 0.1341
Z[t-dt]: 0.0219  Z[t]: 0.0289  Z[t+dt]: 0.0365
Z[t-dt]: 0.0268  Z[t]: 0.0317  Z[t+dt]: 0.0385
Z[t-dt]: 0.1068  Z[t]: 0.0934  Z[t+dt]: 0.0793
Z[t-dt]: 0.1213  Z[t]: 0.1255  Z[t+dt]: 0.1295
Z[t-dt]: 0.1304  Z[t]: 0.1337  Z[t+dt]: 0.1376
Z[t-dt]: 0.1348  Z[t]: 0.1401  Z[t+dt]: 0.1432
Max probability: 0.0
5
Pot_eners_array: [[-197.20711 -197.0636  -197.03472 -197.03186 -196.97018 -196.93809
  -196.92991 -196.92352]
 [-197.19932 -197.06523 -197.02869 -197.02676 -196.98598 -196.93572
  -196.92767 -196.92202]
 [-197.19053 -197.06691 -197.02204 -197.02009 -196.99933 -196.93435
  -196.92499 -196.92033]]
Z[t-dt]: 0.1435  Z[t]: 0.1341  Z[t+dt]: 0.1236
Z[t-dt]: 0.0289  Z[t]: 0.0365  Z[t+dt]: 0.0449
Z[t-dt]: 0.0317  Z[t]: 0.0385  Z[t+dt]: 0.0468
Z[t-dt]: 0.0934  Z[t]: 0.0793  Z[t+dt]: 0.0676
Z[t-dt]: 0.1255  Z[t]: 0.1295  Z[t+dt]: 0.1326
Z[t-dt]: 0.1337  Z[t]: 0.1376  Z[t+dt]: 0.1419
Z[t-dt]: 0.1401  Z[t]: 0.1432  Z[t+dt]: 0.1466
Max probability: 0.0
6
Pot_eners_array: [[-197.19932 -197.06523 -197.02869 -197.02676 -196.98598 -196.93572
  -196.92767 -196.92202]
 [-197.19053 -197.06691 -197.02204 -197.02009 -196.99933 -196.93435
  -196.92499 -196.92033]
 [-197.18145 -197.06952 -197.01549 -197.01314 -197.00888 -196.93514
  -196.92246 -196.91951]]
Z[t-dt]: 0.1341  Z[t]: 0.1236  Z[t+dt]: 0.1119
Z[t-dt]: 0.0365  Z[t]: 0.0449  Z[t+dt]: 0.0540
Z[t-dt]: 0.0385  Z[t]: 0.0468  Z[t+dt]: 0.0564
Z[t-dt]: 0.0793  Z[t]: 0.0676  Z[t+dt]: 0.0606
Z[t-dt]: 0.1295  Z[t]: 0.1326  Z[t+dt]: 0.1344
Z[t-dt]: 0.1376  Z[t]: 0.1419  Z[t+dt]: 0.1471
Z[t-dt]: 0.1432  Z[t]: 0.1466  Z[t+dt]: 0.1500
Max probability: 0.0
7
Pot_eners_array: [[-197.19053 -197.06691 -197.02204 -197.02009 -196.99933 -196.93435
  -196.92499 -196.92033]
 [-197.18145 -197.06952 -197.01549 -197.01314 -197.00888 -196.93514
  -196.92246 -196.91951]
 [-197.17254 -197.07341 -197.01611 -197.00898 -197.0052  -196.93801
  -196.92191 -196.91967]]
Z[t-dt]: 0.1236  Z[t]: 0.1119  Z[t+dt]: 0.0991
Z[t-dt]: 0.0449  Z[t]: 0.0540  Z[t+dt]: 0.0573
Z[t-dt]: 0.0468  Z[t]: 0.0564  Z[t+dt]: 0.0644
Z[t-dt]: 0.0676  Z[t]: 0.0606  Z[t+dt]: 0.0682
Z(1->4) minimum  with dE/a.u. = 0.060635690299989164.  Second derivative at minima: 0.01451020260000746, Z**3: 0.00022293845051205477 Probability: 0.823077974840841
Z[t-dt]: 0.1326  Z[t]: 0.1344  Z[t+dt]: 0.1354
Z[t-dt]: 0.1419  Z[t]: 0.1471  Z[t+dt]: 0.1515
Z[t-dt]: 0.1466  Z[t]: 0.1500  Z[t+dt]: 0.1537
Max probability: 0.823077974840841
dEpot 0.0682  < Ekin: 0.1000 Hop = True, Outstate: 1, Instate: 4 Probability: 0.823077974840841 
Randon number: 0.3755732212625713
8
Pot_eners_array: [[-197.18145 -197.06952 -197.01549 -197.01314 -197.00888 -196.93514
  -196.92246 -196.91951]
 [-197.17254 -197.07341 -197.01611 -197.00898 -197.0052  -196.93801
  -196.92191 -196.91967]
 [-197.16413 -197.07827 -197.01935 -197.00313 -196.99843 -196.94201
  -196.9255  -196.91755]]
Z[t-dt]: 0.1726  Z[t]: 0.1673  Z[t+dt]: 0.1657
Z[t-dt]: 0.0606  Z[t]: 0.0682  Z[t+dt]: 0.0798
Z[t-dt]: 0.0066  Z[t]: 0.0109  Z[t+dt]: 0.0209
Z[t-dt]: 0.0043  Z[t]: 0.0038  Z[t+dt]: 0.0047
Z(4->3) minimum  with dE/a.u. = 0.003770331100014346.  Second derivative at minima: 0.0014122681999708675, Z**3: 5.3596751914101833e-08 Probability: 0.990369896991029
Z[t-dt]: 0.0737  Z[t]: 0.0672  Z[t+dt]: 0.0564
Z[t-dt]: 0.0864  Z[t]: 0.0833  Z[t+dt]: 0.0729
Z[t-dt]: 0.0894  Z[t]: 0.0855  Z[t+dt]: 0.0809
Max probability: 0.990369896991029
dEpot -0.0047  < Ekin: 0.1000 Hop = True, Outstate: 4, Instate: 3 Probability: 0.990369896991029 
Randon number: 0.19555709980123404
9
Pot_eners_array: [[-197.17254 -197.07341 -197.01611 -197.00898 -197.0052  -196.93801
  -196.92191 -196.91967]
 [-197.16413 -197.07827 -197.01935 -197.00313 -196.99843 -196.94201
  -196.9255  -196.91755]
 [-197.1564  -197.08345 -197.02056 -196.99782 -196.99222 -196.94628
  -196.92983 -196.91538]]
Z[t-dt]: 0.1636  Z[t]: 0.1610  Z[t+dt]: 0.1586
Z[t-dt]: 0.0644  Z[t]: 0.0751  Z[t+dt]: 0.0856
Z[t-dt]: 0.0071  Z[t]: 0.0162  Z[t+dt]: 0.0227
Z[t-dt]: 0.0038  Z[t]: 0.0047  Z[t+dt]: 0.0056
Z[t-dt]: 0.0710  Z[t]: 0.0611  Z[t+dt]: 0.0515
Z[t-dt]: 0.0871  Z[t]: 0.0776  Z[t+dt]: 0.0680
Z[t-dt]: 0.0893  Z[t]: 0.0856  Z[t+dt]: 0.0824
Max probability: 0.0
10
Pot_eners_array: [[-197.16413 -197.07827 -197.01935 -197.00313 -196.99843 -196.94201
  -196.9255  -196.91755]
 [-197.1564  -197.08345 -197.02056 -196.99782 -196.99222 -196.94628
  -196.92983 -196.91538]
 [-197.14947 -197.08842 -197.02048 -196.99315 -196.98674 -196.9503
  -196.93414 -196.91332]]
Z[t-dt]: 0.1610  Z[t]: 0.1586  Z[t+dt]: 0.1563
Z[t-dt]: 0.0751  Z[t]: 0.0856  Z[t+dt]: 0.0953
Z[t-dt]: 0.0162  Z[t]: 0.0227  Z[t+dt]: 0.0273
Z[t-dt]: 0.0047  Z[t]: 0.0056  Z[t+dt]: 0.0064
Z[t-dt]: 0.0611  Z[t]: 0.0515  Z[t+dt]: 0.0428
Z[t-dt]: 0.0776  Z[t]: 0.0680  Z[t+dt]: 0.0590
Z[t-dt]: 0.0856  Z[t]: 0.0824  Z[t+dt]: 0.0798
Max probability: 0.0
11
Pot_eners_array: [[-197.1564  -197.08345 -197.02056 -196.99782 -196.99222 -196.94628
  -196.92983 -196.91538]
 [-197.14947 -197.08842 -197.02048 -196.99315 -196.98674 -196.9503
  -196.93414 -196.91332]
 [-197.14337 -197.09289 -197.01967 -196.98917 -196.98206 -196.95385
  -196.93808 -196.91159]]
Z[t-dt]: 0.1586  Z[t]: 0.1563  Z[t+dt]: 0.1542
Z[t-dt]: 0.0856  Z[t]: 0.0953  Z[t+dt]: 0.1037
Z[t-dt]: 0.0227  Z[t]: 0.0273  Z[t+dt]: 0.0305
Z[t-dt]: 0.0056  Z[t]: 0.0064  Z[t+dt]: 0.0071
Z[t-dt]: 0.0515  Z[t]: 0.0428  Z[t+dt]: 0.0353
Z[t-dt]: 0.0680  Z[t]: 0.0590  Z[t+dt]: 0.0511
Z[t-dt]: 0.0824  Z[t]: 0.0798  Z[t+dt]: 0.0776
Max probability: 0.0
12
Pot_eners_array: [[-197.14947 -197.08842 -197.02048 -196.99315 -196.98674 -196.9503
  -196.93414 -196.91332]
 [-197.14337 -197.09289 -197.01967 -196.98917 -196.98206 -196.95385
  -196.93808 -196.91159]
 [-197.13811 -197.0967  -197.01848 -196.98588 -196.97819 -196.95685
  -196.94153 -196.91094]]
Z[t-dt]: 0.1563  Z[t]: 0.1542  Z[t+dt]: 0.1522
Z[t-dt]: 0.0953  Z[t]: 0.1037  Z[t+dt]: 0.1108
Z[t-dt]: 0.0273  Z[t]: 0.0305  Z[t+dt]: 0.0326
Z[t-dt]: 0.0064  Z[t]: 0.0071  Z[t+dt]: 0.0077
Z[t-dt]: 0.0428  Z[t]: 0.0353  Z[t+dt]: 0.0290
Z[t-dt]: 0.0590  Z[t]: 0.0511  Z[t+dt]: 0.0444
Z[t-dt]: 0.0798  Z[t]: 0.0776  Z[t+dt]: 0.0749
Max probability: 0.0
13
Pot_eners_array: [[-197.14337 -197.09289 -197.01967 -196.98917 -196.98206 -196.95385
  -196.93808 -196.91159]
 [-197.13811 -197.0967  -197.01848 -196.98588 -196.97819 -196.95685
  -196.94153 -196.91094]
 [-197.13365 -197.09981 -197.01717 -196.98326 -196.9751  -196.9593
  -196.94445 -196.9112 ]]
Z[t-dt]: 0.1542  Z[t]: 0.1522  Z[t+dt]: 0.1504
Z[t-dt]: 0.1037  Z[t]: 0.1108  Z[t+dt]: 0.1166
Z[t-dt]: 0.0305  Z[t]: 0.0326  Z[t+dt]: 0.0339
Z[t-dt]: 0.0071  Z[t]: 0.0077  Z[t+dt]: 0.0082
Z[t-dt]: 0.0353  Z[t]: 0.0290  Z[t+dt]: 0.0240
Z[t-dt]: 0.0511  Z[t]: 0.0444  Z[t+dt]: 0.0388
Z[t-dt]: 0.0776  Z[t]: 0.0749  Z[t+dt]: 0.0721
Max probability: 0.0
14
Pot_eners_array: [[-197.13811 -197.0967  -197.01848 -196.98588 -196.97819 -196.95685
  -196.94153 -196.91094]
 [-197.13365 -197.09981 -197.01717 -196.98326 -196.9751  -196.9593
  -196.94445 -196.9112 ]
 [-197.12998 -197.10222 -197.01586 -196.98123 -196.97269 -196.96125
  -196.94685 -196.91151]]
Z[t-dt]: 0.1522  Z[t]: 0.1504  Z[t+dt]: 0.1487
Z[t-dt]: 0.1108  Z[t]: 0.1166  Z[t+dt]: 0.1210
Z[t-dt]: 0.0326  Z[t]: 0.0339  Z[t+dt]: 0.0346
Z[t-dt]: 0.0077  Z[t]: 0.0082  Z[t+dt]: 0.0085
Z[t-dt]: 0.0290  Z[t]: 0.0240  Z[t+dt]: 0.0200
Z[t-dt]: 0.0444  Z[t]: 0.0388  Z[t+dt]: 0.0344
Z[t-dt]: 0.0749  Z[t]: 0.0721  Z[t+dt]: 0.0697
Max probability: 0.0
15
Pot_eners_array: [[-197.13365 -197.09981 -197.01717 -196.98326 -196.9751  -196.9593
  -196.94445 -196.9112 ]
 [-197.12998 -197.10222 -197.01586 -196.98123 -196.97269 -196.96125
  -196.94685 -196.91151]
 [-197.12706 -197.10394 -197.01464 -196.97969 -196.97085 -196.96277
  -196.9488  -196.9126 ]]
Z[t-dt]: 0.1504  Z[t]: 0.1487  Z[t+dt]: 0.1474
Z[t-dt]: 0.1166  Z[t]: 0.1210  Z[t+dt]: 0.1243
Z[t-dt]: 0.0339  Z[t]: 0.0346  Z[t+dt]: 0.0350
Z[t-dt]: 0.0082  Z[t]: 0.0085  Z[t+dt]: 0.0088
Z[t-dt]: 0.0240  Z[t]: 0.0200  Z[t+dt]: 0.0169
Z[t-dt]: 0.0388  Z[t]: 0.0344  Z[t+dt]: 0.0309
Z[t-dt]: 0.0721  Z[t]: 0.0697  Z[t+dt]: 0.0671
Max probability: 0.0
16
Pot_eners_array: [[-197.12998 -197.10222 -197.01586 -196.98123 -196.97269 -196.96125
  -196.94685 -196.91151]
 [-197.12706 -197.10394 -197.01464 -196.97969 -196.97085 -196.96277
  -196.9488  -196.9126 ]
 [-197.12486 -197.10504 -197.01355 -196.97854 -196.96948 -196.9639
  -196.95036 -196.91777]]
Z[t-dt]: 0.1487  Z[t]: 0.1474  Z[t+dt]: 0.1463
Z[t-dt]: 0.1210  Z[t]: 0.1243  Z[t+dt]: 0.1265
Z[t-dt]: 0.0346  Z[t]: 0.0350  Z[t+dt]: 0.0350
Z[t-dt]: 0.0085  Z[t]: 0.0088  Z[t+dt]: 0.0091
Z[t-dt]: 0.0200  Z[t]: 0.0169  Z[t+dt]: 0.0146
Z[t-dt]: 0.0344  Z[t]: 0.0309  Z[t+dt]: 0.0282
Z[t-dt]: 0.0697  Z[t]: 0.0671  Z[t+dt]: 0.0608
Max probability: 0.0
17
Pot_eners_array: [[-197.12706 -197.10394 -197.01464 -196.97969 -196.97085 -196.96277
  -196.9488  -196.9126 ]
 [-197.12486 -197.10504 -197.01355 -196.97854 -196.96948 -196.9639
  -196.95036 -196.91777]
 [-197.12331 -197.10558 -197.01259 -196.97769 -196.96848 -196.96473
  -196.95157 -196.9231 ]]
Z[t-dt]: 0.1474  Z[t]: 0.1463  Z[t+dt]: 0.1456
Z[t-dt]: 0.1243  Z[t]: 0.1265  Z[t+dt]: 0.1279
Z[t-dt]: 0.0350  Z[t]: 0.0350  Z[t+dt]: 0.0349
Z[t-dt]: 0.0088  Z[t]: 0.0091  Z[t+dt]: 0.0092
Z[t-dt]: 0.0169  Z[t]: 0.0146  Z[t+dt]: 0.0130
Z[t-dt]: 0.0309  Z[t]: 0.0282  Z[t+dt]: 0.0261
Z[t-dt]: 0.0671  Z[t]: 0.0608  Z[t+dt]: 0.0546
Max probability: 0.0
18
Pot_eners_array: [[-197.12486 -197.10504 -197.01355 -196.97854 -196.96948 -196.9639
  -196.95036 -196.91777]
 [-197.12331 -197.10558 -197.01259 -196.97769 -196.96848 -196.96473
  -196.95157 -196.9231 ]
 [-197.12229 -197.10569 -197.01176 -196.97706 -196.96774 -196.96531
  -196.95251 -196.92787]]
Z[t-dt]: 0.1463  Z[t]: 0.1456  Z[t+dt]: 0.1452
Z[t-dt]: 0.1265  Z[t]: 0.1279  Z[t+dt]: 0.1286
Z[t-dt]: 0.0350  Z[t]: 0.0349  Z[t+dt]: 0.0347
Z[t-dt]: 0.0091  Z[t]: 0.0092  Z[t+dt]: 0.0093
Z[t-dt]: 0.0146  Z[t]: 0.0130  Z[t+dt]: 0.0118
Z[t-dt]: 0.0282  Z[t]: 0.0261  Z[t+dt]: 0.0246
Z[t-dt]: 0.0608  Z[t]: 0.0546  Z[t+dt]: 0.0492
Max probability: 0.0
19
Pot_eners_array: [[-197.12331 -197.10558 -197.01259 -196.97769 -196.96848 -196.96473
  -196.95157 -196.9231 ]
 [-197.12229 -197.10569 -197.01176 -196.97706 -196.96774 -196.96531
  -196.95251 -196.92787]
 [-197.12167 -197.1055  -197.01104 -196.97659 -196.96721 -196.96569
  -196.95322 -196.93202]]
Z[t-dt]: 0.1456  Z[t]: 0.1452  Z[t+dt]: 0.1451
Z[t-dt]: 0.1279  Z[t]: 0.1286  Z[t+dt]: 0.1289
Z[t-dt]: 0.0349  Z[t]: 0.0347  Z[t+dt]: 0.0344
Z[t-dt]: 0.0092  Z[t]: 0.0093  Z[t+dt]: 0.0094
Z[t-dt]: 0.0130  Z[t]: 0.0118  Z[t+dt]: 0.0109
Z[t-dt]: 0.0261  Z[t]: 0.0246  Z[t+dt]: 0.0234
Z[t-dt]: 0.0546  Z[t]: 0.0492  Z[t+dt]: 0.0446
Max probability: 0.0
20
Pot_eners_array: [[-197.12229 -197.10569 -197.01176 -196.97706 -196.96774 -196.96531
  -196.95251 -196.92787]
 [-197.12167 -197.1055  -197.01104 -196.97659 -196.96721 -196.96569
  -196.95322 -196.93202]
 [-197.12131 -197.10515 -197.01043 -196.97623 -196.96682 -196.96593
  -196.95375 -196.93558]]
Z[t-dt]: 0.1452  Z[t]: 0.1451  Z[t+dt]: 0.1451
Z(3->0) minimum  with dE/a.u. = 0.14507782190000285.  Second derivative at minima: 0.00015114889998812941, Z**3: 0.0030535362512819205 Probability: 0.0008585795857846517
Z[t-dt]: 0.1286  Z[t]: 0.1289  Z[t+dt]: 0.1289
Z[t-dt]: 0.0347  Z[t]: 0.0344  Z[t+dt]: 0.0342
Z[t-dt]: 0.0093  Z[t]: 0.0094  Z[t+dt]: 0.0094
Z[t-dt]: 0.0118  Z[t]: 0.0109  Z[t+dt]: 0.0103
Z[t-dt]: 0.0246  Z[t]: 0.0234  Z[t+dt]: 0.0225
Z[t-dt]: 0.0492  Z[t]: 0.0446  Z[t+dt]: 0.0407
Max probability: 0.0008585795857846517
21
Pot_eners_array: [[-197.12167 -197.1055  -197.01104 -196.97659 -196.96721 -196.96569
  -196.95322 -196.93202]
 [-197.12131 -197.10515 -197.01043 -196.97623 -196.96682 -196.96593
  -196.95375 -196.93558]
 [-197.12111 -197.10474 -197.0099  -196.97595 -196.96654 -196.96604
  -196.95413 -196.9386 ]]
Z[t-dt]: 0.1451  Z[t]: 0.1451  Z[t+dt]: 0.1452
Z[t-dt]: 0.1289  Z[t]: 0.1289  Z[t+dt]: 0.1288
Z[t-dt]: 0.0344  Z[t]: 0.0342  Z[t+dt]: 0.0339
Z[t-dt]: 0.0094  Z[t]: 0.0094  Z[t+dt]: 0.0094
Z[t-dt]: 0.0109  Z[t]: 0.0103  Z[t+dt]: 0.0099
Z[t-dt]: 0.0234  Z[t]: 0.0225  Z[t+dt]: 0.0218
Z[t-dt]: 0.0446  Z[t]: 0.0407  Z[t+dt]: 0.0373
Max probability: 0.0
22
Pot_eners_array: [[-197.12131 -197.10515 -197.01043 -196.97623 -196.96682 -196.96593
  -196.95375 -196.93558]
 [-197.12111 -197.10474 -197.0099  -196.97595 -196.96654 -196.96604
  -196.95413 -196.9386 ]
 [-197.12099 -197.10431 -197.00944 -196.97571 -196.96636 -196.96606
  -196.95441 -196.94115]]
Z[t-dt]: 0.1451  Z[t]: 0.1452  Z[t+dt]: 0.1453
Z[t-dt]: 0.1289  Z[t]: 0.1288  Z[t+dt]: 0.1286
Z[t-dt]: 0.0342  Z[t]: 0.0339  Z[t+dt]: 0.0337
Z[t-dt]: 0.0094  Z[t]: 0.0094  Z[t+dt]: 0.0094
Z[t-dt]: 0.0103  Z[t]: 0.0099  Z[t+dt]: 0.0097
Z[t-dt]: 0.0225  Z[t]: 0.0218  Z[t+dt]: 0.0213
Z[t-dt]: 0.0407  Z[t]: 0.0373  Z[t+dt]: 0.0346
Max probability: 0.0
23
Pot_eners_array: [[-197.12111 -197.10474 -197.0099  -196.97595 -196.96654 -196.96604
  -196.95413 -196.9386 ]
 [-197.12099 -197.10431 -197.00944 -196.97571 -196.96636 -196.96606
  -196.95441 -196.94115]
 [-197.12091 -197.10391 -197.00905 -196.97551 -196.96625 -196.96598
  -196.95459 -196.94328]]
Z[t-dt]: 0.1452  Z[t]: 0.1453  Z[t+dt]: 0.1454
Z[t-dt]: 0.1288  Z[t]: 0.1286  Z[t+dt]: 0.1284
Z[t-dt]: 0.0339  Z[t]: 0.0337  Z[t+dt]: 0.0335
Z[t-dt]: 0.0094  Z[t]: 0.0094  Z[t+dt]: 0.0093
Z[t-dt]: 0.0099  Z[t]: 0.0097  Z[t+dt]: 0.0095
Z[t-dt]: 0.0218  Z[t]: 0.0213  Z[t+dt]: 0.0209
Z[t-dt]: 0.0373  Z[t]: 0.0346  Z[t+dt]: 0.0322
Max probability: 0.0
24
Pot_eners_array: [[-197.12099 -197.10431 -197.00944 -196.97571 -196.96636 -196.96606
  -196.95441 -196.94115]
 [-197.12091 -197.10391 -197.00905 -196.97551 -196.96625 -196.96598
  -196.95459 -196.94328]
 [-197.12085 -197.10355 -197.00871 -196.97533 -196.96617 -196.96586
  -196.95471 -196.94506]]
Z[t-dt]: 0.1453  Z[t]: 0.1454  Z[t+dt]: 0.1455
Z[t-dt]: 0.1286  Z[t]: 0.1284  Z[t+dt]: 0.1282
Z[t-dt]: 0.0337  Z[t]: 0.0335  Z[t+dt]: 0.0334
Z[t-dt]: 0.0094  Z[t]: 0.0093  Z[t+dt]: 0.0092
Z[t-dt]: 0.0097  Z[t]: 0.0095  Z[t+dt]: 0.0095
Z[t-dt]: 0.0213  Z[t]: 0.0209  Z[t+dt]: 0.0206
Z[t-dt]: 0.0346  Z[t]: 0.0322  Z[t+dt]: 0.0303
Max probability: 0.0
25
Pot_eners_array: [[-197.12091 -197.10391 -197.00905 -196.97551 -196.96625 -196.96598
  -196.95459 -196.94328]
 [-197.12085 -197.10355 -197.00871 -196.97533 -196.96617 -196.96586
  -196.95471 -196.94506]
 [-197.12079 -197.10323 -197.00842 -196.97517 -196.96609 -196.96574
  -196.95478 -196.94653]]
Z[t-dt]: 0.1454  Z[t]: 0.1455  Z[t+dt]: 0.1456
Z[t-dt]: 0.1284  Z[t]: 0.1282  Z[t+dt]: 0.1281
Z[t-dt]: 0.0335  Z[t]: 0.0334  Z[t+dt]: 0.0333
Z[t-dt]: 0.0093  Z[t]: 0.0092  Z[t+dt]: 0.0091
Z[t-dt]: 0.0095  Z[t]: 0.0095  Z[t+dt]: 0.0094
Z[t-dt]: 0.0209  Z[t]: 0.0206  Z[t+dt]: 0.0204
Z[t-dt]: 0.0322  Z[t]: 0.0303  Z[t+dt]: 0.0286
Max probability: 0.0
26
Pot_eners_array: [[-197.12085 -197.10355 -197.00871 -196.97533 -196.96617 -196.96586
  -196.95471 -196.94506]
 [-197.12079 -197.10323 -197.00842 -196.97517 -196.96609 -196.96574
  -196.95478 -196.94653]
 [-197.12073 -197.10295 -197.00817 -196.97502 -196.96599 -196.96562
  -196.9548  -196.94775]]
Z[t-dt]: 0.1455  Z[t]: 0.1456  Z[t+dt]: 0.1457
Z[t-dt]: 0.1282  Z[t]: 0.1281  Z[t+dt]: 0.1279
Z[t-dt]: 0.0334  Z[t]: 0.0333  Z[t+dt]: 0.0331
Z[t-dt]: 0.0092  Z[t]: 0.0091  Z[t+dt]: 0.0090
Z[t-dt]: 0.0095  Z[t]: 0.0094  Z[t+dt]: 0.0094
Z[t-dt]: 0.0206  Z[t]: 0.0204  Z[t+dt]: 0.0202
Z[t-dt]: 0.0303  Z[t]: 0.0286  Z[t+dt]: 0.0273
Max probability: 0.0
27
Pot_eners_array: [[-197.12079 -197.10323 -197.00842 -196.97517 -196.96609 -196.96574
  -196.95478 -196.94653]
 [-197.12073 -197.10295 -197.00817 -196.97502 -196.96599 -196.96562
  -196.9548  -196.94775]
 [-197.12067 -197.10272 -197.00795 -196.97489 -196.96589 -196.96551
  -196.95479 -196.94874]]
Z[t-dt]: 0.1456  Z[t]: 0.1457  Z[t+dt]: 0.1458
Z[t-dt]: 0.1281  Z[t]: 0.1279  Z[t+dt]: 0.1278
Z[t-dt]: 0.0333  Z[t]: 0.0331  Z[t+dt]: 0.0331
Z[t-dt]: 0.0091  Z[t]: 0.0090  Z[t+dt]: 0.0090
Z[t-dt]: 0.0094  Z[t]: 0.0094  Z[t+dt]: 0.0094
Z[t-dt]: 0.0204  Z[t]: 0.0202  Z[t+dt]: 0.0201
Z[t-dt]: 0.0286  Z[t]: 0.0273  Z[t+dt]: 0.0261
Max probability: 0.0
28
Pot_eners_array: [[-197.12073 -197.10295 -197.00817 -196.97502 -196.96599 -196.96562
  -196.9548  -196.94775]
 [-197.12067 -197.10272 -197.00795 -196.97489 -196.96589 -196.96551
  -196.95479 -196.94874]
 [-197.1206  -197.10251 -197.00776 -196.97476 -196.96578 -196.9654
  -196.95476 -196.94956]]
Z[t-dt]: 0.1457  Z[t]: 0.1458  Z[t+dt]: 0.1458
Z[t-dt]: 0.1279  Z[t]: 0.1278  Z[t+dt]: 0.1278
Z[t-dt]: 0.0331  Z[t]: 0.0331  Z[t+dt]: 0.0330
Z[t-dt]: 0.0090  Z[t]: 0.0090  Z[t+dt]: 0.0090
Z[t-dt]: 0.0094  Z[t]: 0.0094  Z[t+dt]: 0.0094
Z[t-dt]: 0.0202  Z[t]: 0.0201  Z[t+dt]: 0.0200
Z[t-dt]: 0.0273  Z[t]: 0.0261  Z[t+dt]: 0.0252
Max probability: 0.0
29
Pot_eners_array: [[-197.12067 -197.10272 -197.00795 -196.97489 -196.96589 -196.96551
  -196.95479 -196.94874]
 [-197.1206  -197.10251 -197.00776 -196.97476 -196.96578 -196.9654
  -196.95476 -196.94956]
 [-197.12054 -197.10233 -197.00759 -196.97464 -196.96568 -196.9653
  -196.95471 -196.95022]]
Z[t-dt]: 0.1458  Z[t]: 0.1458  Z[t+dt]: 0.1459
Z[t-dt]: 0.1278  Z[t]: 0.1278  Z[t+dt]: 0.1277
Z[t-dt]: 0.0331  Z[t]: 0.0330  Z[t+dt]: 0.0329
Z[t-dt]: 0.0090  Z[t]: 0.0090  Z[t+dt]: 0.0090
Z[t-dt]: 0.0094  Z[t]: 0.0094  Z[t+dt]: 0.0093
Z[t-dt]: 0.0201  Z[t]: 0.0200  Z[t+dt]: 0.0199
Z[t-dt]: 0.0261  Z[t]: 0.0252  Z[t+dt]: 0.0244
Max probability: 0.0
30
