[[ 0.          0.          0.        ]
 [ 0.          0.          5.54933575]
 [ 1.64056385  0.         -0.78746967]
 [-0.90227431 -1.39582353 -0.74124508]
 [-0.03463301  0.08925554  3.7243573 ]
 [-0.77166967  1.54074285  6.12573434]]
TERCHAME INTERFACE
Trying to connect to Terachem server:
MPI_TERA_PORT tag#0$description#a32$port#53848$ifname#192.168.3.32$ found 
Terachem connection established.
Sending initial data to Terachem.
Sending number of QM atoms.
Sending QM atom names.
Sent initial coordinates to TeraChem.
Waiting for Terachem to finish calculations 
 Probe status 0: 0
Waiting for Terachem to finish calculations 
 Probe status 1: 0
Waiting for Terachem to finish calculations 
 Probe status 2: 0
Waiting for Terachem to finish calculations 
 Probe status 3: 0
Waiting for Terachem to finish calculations 
 Probe status 4: 0
Waiting for Terachem to finish calculations 
 Probe status 5: 0
Waiting for Terachem to finish calculations 
 Probe status 6: 0
Waiting for Terachem to finish calculations 
 Probe status 7: 0
Waiting for Terachem to finish calculations 
 Probe status 8: 0
Waiting for Terachem to finish calculations 
 Probe status 9: 0
Waiting for Terachem to finish calculations 
 Probe status 10: 0
Waiting for Terachem to finish calculations 
 Probe status 11: 0
Waiting for Terachem to finish calculations 
 Probe status 12: 0
Waiting for Terachem to finish calculations 
 Probe status 13: 0
Waiting for Terachem to finish calculations 
 Probe status 14: 0
Waiting for Terachem to finish calculations 
 Probe status 15: 0
Waiting for Terachem to finish calculations 
 Probe status 16: 0
Waiting for Terachem to finish calculations 
 Probe status 17: 0
Waiting for Terachem to finish calculations 
 Probe status 18: 0
Waiting for Terachem to finish calculations 
 Probe status 19: 0
Waiting for Terachem to finish calculations 
 Probe status 20: 0
Waiting for Terachem to finish calculations 
 Probe status 21: 0
Waiting for Terachem to finish calculations 
 Probe status 22: 0
Waiting for Terachem to finish calculations 
 Probe status 23: 0
Waiting for Terachem to finish calculations 
 Probe status 24: 0
Waiting for Terachem to finish calculations 
 Probe status 25: 0
Waiting for Terachem to finish calculations 
 Probe status 26: 0
Waiting for Terachem to finish calculations 
 Probe status 27: 0
Waiting for Terachem to finish calculations 
 Probe status 28: 0
Waiting for Terachem to finish calculations 
 Probe status 29: 0
Waiting for Terachem to finish calculations 
 Probe status 30: 0
Waiting for Terachem to finish calculations 
 Probe status 31: 0
Waiting for Terachem to finish calculations 
 Probe status 32: 0
Waiting for Terachem to finish calculations 
 Probe status 33: 0
25 50 27618
Terachem arrays allocated.
Terachem init done.
#######0######
Data send.
Waiting for Terachem to finish calculations 
 Probe status: 0
Waiting for Terachem to finish calculations 
 Probe status: 0
Waiting for Terachem to finish calculations 
 Probe status: 0
0 0 [-0.00439412  0.00885764 -0.02106648 -0.00196244  0.00412019 -0.02172436
  0.00837888 -0.00119172 -0.00042505 -0.00376432 -0.00796583  0.00011694
 -0.00665116  0.01277026  0.06241861  0.00839316 -0.01659053 -0.01931966]
0 1 [0. 0. 0. 0. 0. 0. 0. 0. 0. 0. 0. 0. 0. 0. 0. 0. 0. 0.]
0 2 [0. 0. 0. 0. 0. 0. 0. 0. 0. 0. 0. 0. 0. 0. 0. 0. 0. 0.]
0 3 [0. 0. 0. 0. 0. 0. 0. 0. 0. 0. 0. 0. 0. 0. 0. 0. 0. 0.]
1 1 [0. 0. 0. 0. 0. 0. 0. 0. 0. 0. 0. 0. 0. 0. 0. 0. 0. 0.]
1 2 [0. 0. 0. 0. 0. 0. 0. 0. 0. 0. 0. 0. 0. 0. 0. 0. 0. 0.]
1 3 [0. 0. 0. 0. 0. 0. 0. 0. 0. 0. 0. 0. 0. 0. 0. 0. 0. 0.]
2 2 [0. 0. 0. 0. 0. 0. 0. 0. 0. 0. 0. 0. 0. 0. 0. 0. 0. 0.]
2 3 [0. 0. 0. 0. 0. 0. 0. 0. 0. 0. 0. 0. 0. 0. 0. 0. 0. 0.]
3 3 [0. 0. 0. 0. 0. 0. 0. 0. 0. 0. 0. 0. 0. 0. 0. 0. 0. 0.]
DATA RECEIVED 
 Probe status: 0 Energies: [-151.63407967539658, -151.56776211308744, -151.54307522401913, -151.47112112084986], Nstates: 4
[-151.63407968 -151.56776211 -151.54307522 -151.47112112]
[[ 3.29800319e-04  9.94661196e-01  1.12348454e-01 ...  2.29496186e-02
  -2.20153187e-01 -3.64856453e-01]
 [ 1.14007344e-05  2.08994098e-02 -2.55910025e-01 ...  1.89066980e-02
   1.12609767e-01 -9.35299593e-02]
 [ 3.19625068e-06  4.68840159e-03 -2.25746471e-01 ... -2.63461361e-01
   1.33607225e+00  2.71812819e+00]
 ...
 [ 3.98630737e-03 -7.71920011e-05 -1.55891777e-03 ...  1.18349649e-01
   1.16537055e+00 -1.00732668e+00]
 [ 3.88092448e-03 -8.16067329e-05 -4.86208621e-03 ...  6.16813340e-01
   1.50656436e+00 -1.20549411e+00]
 [ 3.82955173e-03 -4.36681610e-05 -6.46297293e-03 ... -1.56860092e+00
   1.24126373e+00 -8.82192693e-01]]
[[ 1.20505365e-02  9.98364073e-01 -2.82060327e-02  4.34389335e-04]
 [ 1.83675486e-04  1.97966658e-02 -3.88723801e-04  1.61465498e-04]
 [ 1.35393782e-02  4.58981521e-05 -3.42617074e-04 -2.99643638e-02]
 [-1.06412037e-02 -4.96211173e-05 -3.03133429e-05 -1.99670103e-03]
 [ 5.11617416e-05  2.89158616e-06 -1.98515090e-04 -2.57845855e-06]
 [-1.75833113e-03  5.50436084e-04  1.18334685e-04 -6.71887885e-04]
 [-7.13662758e-05 -6.22259977e-01  7.61108208e-03 -1.06929115e-04]
 [-6.35572847e-01  1.36426419e-02 -2.34178729e-04 -4.53198149e-01]
 [ 3.72699662e-02 -5.26397114e-04  5.06380722e-03 -1.38191581e-02]
 [ 1.57692840e-04 -1.46133340e-05  1.32879244e-02  6.11232448e-03]
 [-6.06792660e-05  1.92621980e-02  5.88425874e-03 -6.06504785e-05]
 [-9.59206433e-04  2.64621956e-04  3.65064944e-05 -1.16385309e-03]
 [-2.51423540e-04 -4.34196497e-05 -7.79724778e-01  9.33120030e-03]
 [-2.71655961e-04  4.99095130e-01 -2.37885734e-04  1.72710583e-05]
 [ 3.73485759e-01  2.41087070e-02 -1.69422306e-04 -7.45445260e-03]
 [-2.69281321e-02  2.96885691e-04 -1.95024739e-05 -1.04005802e-02]
 [-5.65170052e-03  5.51162467e-05 -1.27154161e-02 -3.28089518e-03]
 [ 3.05771728e-05  7.80730208e-04  5.68541652e-04  7.85728986e-04]
 [-1.67208774e-03  1.21814950e-04  8.47644236e-05 -1.13320337e-02]
 [-4.35397460e-04 -1.55738891e-04  5.86458272e-01  2.51255610e-02]
 [-4.98285676e-04 -8.07155081e-01 -1.12840661e-02  3.68399601e-04]
 [-3.29136435e-02  2.06791815e-03 -1.23432743e-04 -9.45189456e-07]
 [ 2.43711535e-02 -3.01083505e-03  2.16002469e-05 -1.20577976e-02]
 [ 5.61688355e-03 -5.05149146e-05 -2.20268328e-04  3.23061479e-05]
 [-9.49062981e-04 -3.06224545e-05 -5.34044107e-04  2.99438901e-05]]
[0. 0. 0. 0. 0. 0. 0. 0. 0. 0. 0. 0. 0. 0. 0. 0.]
[0. 0. 0. 0. 0. 0. 0. 0. 0. 0. 0. 0. 0. 0. 0. 0. 0. 0.]

 
 
 ----------------------------------------------
#######1######
Data send.
Waiting for Terachem to finish calculations 
 Probe status: 0
Waiting for Terachem to finish calculations 
 Probe status: 0
Waiting for Terachem to finish calculations 
 Probe status: 0
0 0 [-0.00027487  0.00106791 -0.02967211 -0.00674853  0.01379694 -0.02930883
 -0.00183502 -0.00173672  0.00424848  0.00230175  0.00042913  0.00450468
 -0.00662877  0.01259853  0.07357067  0.01318543 -0.02615578 -0.02334289]
0 1 [0. 0. 0. 0. 0. 0. 0. 0. 0. 0. 0. 0. 0. 0. 0. 0. 0. 0.]
0 2 [0. 0. 0. 0. 0. 0. 0. 0. 0. 0. 0. 0. 0. 0. 0. 0. 0. 0.]
0 3 [0. 0. 0. 0. 0. 0. 0. 0. 0. 0. 0. 0. 0. 0. 0. 0. 0. 0.]
1 1 [0. 0. 0. 0. 0. 0. 0. 0. 0. 0. 0. 0. 0. 0. 0. 0. 0. 0.]
1 2 [0. 0. 0. 0. 0. 0. 0. 0. 0. 0. 0. 0. 0. 0. 0. 0. 0. 0.]
1 3 [0. 0. 0. 0. 0. 0. 0. 0. 0. 0. 0. 0. 0. 0. 0. 0. 0. 0.]
2 2 [0. 0. 0. 0. 0. 0. 0. 0. 0. 0. 0. 0. 0. 0. 0. 0. 0. 0.]
2 3 [0. 0. 0. 0. 0. 0. 0. 0. 0. 0. 0. 0. 0. 0. 0. 0. 0. 0.]
3 3 [0. 0. 0. 0. 0. 0. 0. 0. 0. 0. 0. 0. 0. 0. 0. 0. 0. 0.]
DATA RECEIVED 
 Probe status: 0 Energies: [-151.63358084826785, -151.56675864960283, -151.54174284774086, -151.46905769026125], Nstates: 4
[-151.63358085 -151.56675865 -151.54174285 -151.46905769]
[[ 3.73359673e-04  9.94651710e-01  1.20530098e-01 ...  2.54448927e-02
  -2.18990383e-01 -3.66278178e-01]
 [ 9.15329315e-06  2.09413843e-02 -2.74191571e-01 ...  1.20168071e-02
   8.87827063e-02 -1.35713237e-01]
 [ 1.24139013e-05  4.73128578e-03 -2.39992485e-01 ... -2.89801725e-01
   1.32201714e+00  2.73853912e+00]
 ...
 [ 3.99881519e-03 -7.52857530e-05 -1.41264370e-03 ...  1.19017169e-01
   1.16663901e+00 -1.01003607e+00]
 [ 3.87555386e-03 -8.01099437e-05 -4.50974939e-03 ...  6.08257081e-01
   1.51961127e+00 -1.21633915e+00]
 [ 3.81778842e-03 -4.13048311e-05 -6.04306849e-03 ... -1.58133234e+00
   1.24397552e+00 -8.77950188e-01]]
[[-1.57939631e-02 -9.98393854e-01  2.75268073e-02 -4.43840318e-04]
 [-2.58128495e-04 -1.99380692e-02  4.01256789e-04 -1.90033883e-04]
 [-1.20741447e-02 -4.55917798e-05  4.47306818e-04  2.92444928e-02]
 [ 1.04221371e-02  5.10552658e-05  3.63679199e-05  1.89231938e-03]
 [-5.84559670e-05 -2.44509764e-06  1.83637641e-04  2.80686043e-06]
 [ 1.71768553e-03 -6.61568603e-04 -1.54543320e-04  5.98905786e-04]
 [ 6.91019565e-05  6.20123607e-01 -9.92087004e-03  1.06718665e-04]
 [ 6.46965673e-01 -1.37913869e-02  2.91091141e-04  4.40025957e-01]
 [-3.55965239e-02  6.40253215e-04 -5.55153078e-03  1.33370412e-02]
 [-1.99578170e-04  1.86305492e-05 -1.32435383e-02 -6.13143195e-03]
 [ 8.10661037e-05 -1.87143027e-02 -5.62796728e-03  7.75067411e-05]
 [ 8.91056506e-04 -3.06296834e-04  1.63276643e-05  1.12958315e-03]
 [ 3.05048214e-04  6.42384702e-05 -7.81591112e-01  1.22772432e-02]
 [-2.75708548e-04  5.04447829e-01  1.79855852e-04  1.48841627e-05]
 [ 3.62510292e-01  2.27642929e-02 -2.36317569e-04 -7.68871067e-03]
 [-2.62815156e-02  3.88530013e-04 -2.53154476e-05 -1.03176913e-02]
 [-5.55753589e-03  7.22996069e-05 -1.19907083e-02 -3.11392424e-03]
 [ 3.90953009e-05  7.22277005e-04  6.64238561e-04  8.16853140e-04]
 [-1.63794656e-03  1.60113440e-04  1.01454647e-04  1.26897650e-02]
 [ 3.84288680e-04  1.60823677e-04 -5.69369076e-01 -2.44625691e-02]
 [ 5.79214973e-04  8.19499816e-01  1.11924194e-02 -4.11744377e-04]
 [ 3.11274906e-02 -2.18434493e-03  1.38444599e-04  1.07027834e-06]
 [-2.35990312e-02  2.86654017e-03 -2.66786844e-05  1.20572503e-02]
 [-5.61449078e-03  6.60723400e-05  2.09342078e-04 -2.23790776e-05]
 [ 9.71762058e-04  3.23179178e-05  6.12438648e-04 -3.49967757e-05]]
[0. 0. 0. 0. 0. 0. 0. 0. 0. 0. 0. 0. 0. 0. 0. 0.]
[0. 0. 0. 0. 0. 0. 0. 0. 0. 0. 0. 0. 0. 0. 0. 0. 0. 0.]

 
 
 ----------------------------------------------
#######2######
Data send.
Waiting for Terachem to finish calculations 
 Probe status: 0
Waiting for Terachem to finish calculations 
 Probe status: 0
Waiting for Terachem to finish calculations 
 Probe status: 0
